[backblue.gif]
[fade.gif]
[index.html]
[188.95.36.104_8080/cwc/staticResources/sites/all/libraries/respondjs/respond.min63556355.js]
[188.95.36.104_8080/cwc/staticResources/sites/default/files/js/js_Kd4BsnIT6T8vj1yoTIfotvk_bIOeY4Ndbdvl8ytcvjs.js]
[188.95.36.104_8080/cwc/staticResources/sites/default/files/js/js_VT3vUnCVUKAfTaLvCJvJUfa6X4C8WoRFF97eXZUoqHY.js]
[188.95.36.104_8080/cwc/staticResources/sites/default/files/js/js_QwNN-JdAEdJ7FW58qqObESLBwrQxseWoGc6C_gzQKYg.js]
[188.95.36.104_8080/cwc/staticResources/sites/default/files/js/js_azzad_4dGM42fQEyYHR3vcj2YOtCAPB_TASnsUhTr9Q.js]
[188.95.36.104_8080/cwc/staticResources/sites/default/files/js/js_u9XzY8GuIn7LRlzzmkoMbzg3ZjQZRlcForDmeex8alU.js]
[188.95.36.104_8080/cwc/staticResources/sites/default/files/js/js_Ca3Ot-b7abQho2aA0y8hjE9nRIflp51xFsRP1rWp9KI.js]
[188.95.36.104_8080/cwc/staticResources/sites/default/files/js/js_iiro2olv-RX3gC3Gs2RbWAN3fitln8gMi7wDaiQWkFg.js]
[188.95.36.104_8080/cwc/staticResources/sites/all/themes/upsc/images/facebook-icon.png]
[188.95.36.104_8080/cwc/staticResources/sites/all/themes/upsc/images/twiiter-icon.png]
[188.95.36.104_8080/cwc/staticResources/sites/all/themes/upsc/images/emblem-dark.png]
[188.95.36.104_8080/cwc/staticResources/sites/default/files/styles/slider/public/1.png]
[188.95.36.104_8080/cwc/staticResources/sites/default/files/styles/slider/public/6.png]
[188.95.36.104_8080/cwc/staticResources/sites/default/files/styles/slider/public/4.png]
[188.95.36.104_8080/cwc/staticResources/sites/default/files/styles/slider/public/3.png]
[188.95.36.104_8080/cwc/staticResources/sites/default/files/styles/slider/public/5.png]
[188.95.36.104_8080/cwc/staticResources/sites/default/files/styles/slider/public/7.png]
[188.95.36.104_8080/cwc/staticResources/sites/default/files/styles/slider/public/2.png]
[188.95.36.104_8080/cwc/staticResources/sites/default/files/styles/slider/public/slider1.jpg]
[188.95.36.104_8080/cwc/staticResources/sites/default/files/styles/slider/public/slider3.jpg]
[188.95.36.104_8080/cwc/staticResources/sites/default/files/styles/slider/public/slider2.jpg]
[188.95.36.104_8080/cwc/staticResources/sites/all/themes/upsc/images/phoca_thumb_l_cwcmap_111218.jpg]
[188.95.36.104_8080/cwc/staticResources/sites/default/files/styles/slider/public/clients/6.png]
[188.95.36.104_8080/cwc/staticResources/sites/default/files/styles/slider/public/clients/7.png]
[188.95.36.104_8080/cwc/staticResources/sites/default/files/styles/slider/public/clients/8.png]
[188.95.36.104_8080/cwc/staticResources/sites/default/files/styles/slider/public/clients/9.png]
[188.95.36.104_8080/cwc/staticResources/sites/default/files/styles/slider/public/clients/10.png]
[188.95.36.104_8080/cwc/staticResources/sites/default/files/styles/slider/public/clients/11.png]
[188.95.36.104_8080/cwc/staticResources/sites/default/files/styles/slider/public/clients/12.png]
[188.95.36.104_8080/cwc/staticResources/sites/default/files/styles/slider/public/clients/13.png]
[188.95.36.104_8080/cwc/staticResources/sites/default/files/styles/slider/public/clients/14.png]
[188.95.36.104_8080/cwc/staticResources/sites/default/files/styles/slider/public/clients/15.png]
[188.95.36.104_8080/cwc/staticResources/sites/default/files/styles/slider/public/clients/1.png]
[188.95.36.104_8080/cwc/staticResources/sites/default/files/styles/slider/public/clients/2.png]
[188.95.36.104_8080/cwc/staticResources/sites/default/files/styles/slider/public/clients/3.png]
[188.95.36.104_8080/cwc/staticResources/sites/default/files/styles/slider/public/clients/4.png]
[188.95.36.104_8080/cwc/staticResources/sites/default/files/styles/slider/public/clients/5.png]
[188.95.36.104_8080/cwc/staticResources/sites/default/files/styles/slider/public/clients/logo-(1).png]
[188.95.36.104_8080/cwc/staticResources/sites/default/files/styles/slider/public/clients/logo-(2).png]
[188.95.36.104_8080/cwc/staticResources/sites/default/files/styles/slider/public/clients/logo-(3).png]
[188.95.36.104_8080/cwc/staticResources/sites/default/files/styles/slider/public/clients/logo-(4).png]
[188.95.36.104_8080/cwc/staticResources/sites/default/files/styles/slider/public/clients/logo-(5).png]
[188.95.36.104_8080/cwc/staticResources/sites/default/files/styles/slider/public/clients/logo-(6).png]
[188.95.36.104_8080/cwc/staticResources/sites/default/files/styles/slider/public/clients/logo-(7).png]
[188.95.36.104_8080/cwc/staticResources/sites/default/files/js/js_B2uv6dkjoYobfQVyuXdchgrpnnx4oM0TkP_bDVf8Qrg.js]
[code.jquery.com/jquery-2.2.0.min.js]
[188.95.36.104_8080/cwc/staticResources/slick/slick.min.js]
[188.95.36.104_8080/cwc/index.html]
[188.95.36.104_8080/cwc/images/icons/favicon.html]
[188.95.36.104_8080/cwc/staticResources/sites/default/files/vendor/bootstrap/css/bootstrap.min.html]
[188.95.36.104_8080/cwc/staticResources/sites/default/files/fonts/font-awesome-4.7.0/css/font-awesome.min.css]
[188.95.36.104_8080/cwc/staticResources/sites/default/files/vendor/animate/animate.html]
[188.95.36.104_8080/cwc/staticResources/sites/default/files/vendor/select2/select2.min.html]
[188.95.36.104_8080/cwc/staticResources/sites/default/files/vendor/perfect-scrollbar/perfect-scrollbar.html]
[188.95.36.104_8080/cwc/staticResources/sites/default/files/css/table.css]
[upsc.gov.in/misc/throbber-inactive.png]
[188.95.36.104_8080/cwc/staticResources/sites/default/files/css/css_lQaZfjVpwP_oGNqdtWCSpJT1EMqXdMiU84ekLLxQnc4.css]
[188.95.36.104_8080/cwc/staticResources/sites/default/files/css/css_u9Cn6xFPfn6NvRqMGUV6k10stVTR4AGT7eontS75hX4.css]
[188.95.36.104_8080/cwc/staticResources/sites/all/modules/cmf/cmf_content/assets/images/flag.jpg]
[188.95.36.104_8080/cwc/staticResources/sites/all/modules/cmf/cmf_content/assets/images/ico-link-dark.png]
[188.95.36.104_8080/cwc/staticResources/sites/all/modules/cmf/cmf_content/assets/images/emblem-dark.png]
[188.95.36.104_8080/cwc/staticResources/sites/all/modules/cmf/cmf_content/assets/images/blt.png]
[188.95.36.104_8080/cwc/staticResources/sites/all/modules/cmf/cmf_content/assets/images/carousel-bg.png]
[188.95.36.104_8080/cwc/staticResources/sites/all/modules/cmf/cmf_content/assets/images/after-bg.png]
[188.95.36.104_8080/cwc/staticResources/sites/all/modules/cmf/cmf_content/assets/images/footer-top-bg.jpg]
[188.95.36.104_8080/cwc/staticResources/sites/all/modules/cmf/cmf_content/assets/images/footer-bottom-bg.png]
[188.95.36.104_8080/cwc/staticResources/sites/all/modules/cmf/cmf_content/assets/images/after-bottom-bg.png]
[188.95.36.104_8080/cwc/staticResources/sites/all/modules/cmf/cmf_content/assets/images/hindi.png]
[188.95.36.104_8080/cwc/staticResources/sites/all/modules/cmf/cmf_content/assets/images/english.png]
[188.95.36.104_8080/cwc/staticResources/sites/all/modules/cmf/cmf_content/assets/images/ico-goi-search.png]
[188.95.36.104_8080/cwc/staticResources/sites/all/modules/cmf/cmf_content/assets/images/toggle-bar.png]
[188.95.36.104_8080/cwc/staticResources/sites/all/modules/contributed/ctools/images/status-active.gif]
[188.95.36.104_8080/cwc/staticResources/sites/all/modules/cmf/goisearch/images/goi-search-bg.png]
[188.95.36.104_8080/cwc/staticResources/sites/all/modules/cmf/goisearch/images/ico-goi-search.png]
[188.95.36.104_8080/cwc/staticResources/sites/default/files/css/css_MLnTVauaZ3xU71FCGRx8ssffNeDNw9lXOXaHZZcXrQ0.css]
[188.95.36.104_8080/cwc/staticResources/sites/all/themes/upsc/images/inner-page-banner.png]
[188.95.36.104_8080/cwc/staticResources/sites/all/themes/upsc/images/red-bg-texture.png]
[188.95.36.104_8080/cwc/staticResources/sites/all/themes/upsc/images/icons-new.jpg]
[188.95.36.104_8080/cwc/staticResources/sites/all/themes/upsc/images/examination.png]
[188.95.36.104_8080/cwc/staticResources/sites/all/themes/upsc/images/recruitment.png]
[188.95.36.104_8080/cwc/staticResources/sites/default/files/styles/slider/public/map-doted.png]
[188.95.36.104_8080/cwc/staticResources/sites/all/themes/upsc/images/pdf.png]
[188.95.36.104_8080/cwc/staticResources/sites/default/files/css/css_Ch_49ze4Bq3ULziIh8Dy-vtmJWaZVwru8GDKSm4NKiM.css]
[188.95.36.104_8080/cwc/staticResources/slick/slick.css]
[188.95.36.104_8080/cwc/staticResources/slick/ajax-loader.gif]
[188.95.36.104_8080/cwc/staticResources/slick/slick-theme.css]
[188.95.36.104_8080/cwc/index-2.html]
[188.95.36.104_8080/cwc/staticResources/sites/default/files/styles/slider/public/orgstructure.PNG]
[188.95.36.104_8080/cwc/Administrative-Setup.html]
[188.95.36.104_8080/cwc/staticResources/sites/default/files/styles/slider/public/about-us.jpg]
[188.95.36.104_8080/cwc/Corporate-Mission.html]
[188.95.36.104_8080/cwc/staticResources/sites/all/themes/upsc/images/directors/phoca_thumb_m_JS-PHOTO _manjhi sir.jpg]
[188.95.36.104_8080/cwc/staticResources/sites/all/themes/upsc/images/directors/phoca_thumb_m_Shri Sharda Prasad.jpg]
[188.95.36.104_8080/cwc/staticResources/sites/all/themes/upsc/images/directors/vs.jpg]
[188.95.36.104_8080/cwc/staticResources/sites/all/themes/upsc/images/directors/pk.jpg]
[188.95.36.104_8080/cwc/staticResources/sites/all/themes/upsc/images/directors/phoca_thumb_m_AJAYVYAS.jpg]
[188.95.36.104_8080/cwc/staticResources/sites/all/themes/upsc/images/directors/sir.jpg]
[188.95.36.104_8080/cwc/staticResources/sites/all/themes/upsc/images/directors/phoca_thumb_m_s c mudi 001.jpg]
[188.95.36.104_8080/cwc/staticResources/sites/all/themes/upsc/images/directors/phoca_thumb_l_untitled.jpg]
[188.95.36.104_8080/cwc/Board-of-Directors.html]
[188.95.36.104_8080/cwc/Director-Messange.html]
[188.95.36.104_8080/cwc/SWCs.html]
[188.95.36.104_8080/cwc/staticResources/sites/default/files/styles/slider/public/22.jpg]
[188.95.36.104_8080/cwc/Storage.html]
[188.95.36.104_8080/cwc/ICD-CFS-Services.html]
[188.95.36.104_8080/cwc/Bonding-Facility.html]
[188.95.36.104_8080/cwc/Air-Cargo-Complex.html]
[188.95.36.104_8080/cwc/Container-Train-Operations.html]
[188.95.36.104_8080/cwc/Integrated-Check-Post-Terminal.html]
[188.95.36.104_8080/cwc/Pest-Control-Services.html]
[188.95.36.104_8080/cwc/Farmers-Extension-Services.html]
[188.95.36.104_8080/cwc/Tariff-and-Rebate.html]
[cewacor.nic.in/images/pdf_icon.gif]
[188.95.36.104_8080/cwc/Vacant-Storage-Space.html]
[188.95.36.104_8080/cwc/Temperature-Controlled-Warehouses.html]
[188.95.36.104_8080/cwc/EmpCorner.html]
[188.95.36.104_8080/cwc/ContactUS.html]
[ajax.googleapis.com/ajax/libs/jquery/1.11.3/jquery.min.js]
[188.95.36.104_8080/cwc/resources/js/searchByDepartment.js]
[188.95.36.104_8080/cwc/resources/js/submitDates.js]
[188.95.36.104_8080/cwc/cwc_tenders.html]
[188.95.36.104_8080/cwc/staticResources/sites/default/files/js/lightbox-plus-jquery.min.js]
[188.95.36.104_8080/cwc/cwc_gallery.html]
[188.95.36.104_8080/cwc/cwc_notices.html]
[188.95.36.104_8080/cwc/cwc_rti.html]
[188.95.36.104_8080/cwc/Rajbhasha.html]
[188.95.36.104_8080/cwc/Our-Offices.html]
[188.95.36.104_8080/cwc/Regional-Offices.html]
[188.95.36.104_8080/cwc/Construction-Cells.html]
[188.95.36.104_8080/cwc/staticResources/sites/default/files/fonts/font-awesome-4.7.0/fonts/fontawesome-webfont3e6e.html]
[188.95.36.104_8080/cwc/staticResources/sites/default/files/fonts/font-awesome-4.7.0/fonts/fontawesome-webfontd41d.html]
[188.95.36.104_8080/cwc/staticResources/sites/default/files/fonts/font-awesome-4.7.0/fonts/fontawesome-webfont3e6e-2.html]
[188.95.36.104_8080/cwc/staticResources/sites/default/files/fonts/font-awesome-4.7.0/fonts/fontawesome-webfont3e6e-3.html]
[188.95.36.104_8080/cwc/staticResources/sites/default/files/fonts/font-awesome-4.7.0/fonts/fontawesome-webfont3e6e-4.html]
[188.95.36.104_8080/cwc/staticResources/sites/default/files/fonts/font-awesome-4.7.0/fonts/fontawesome-webfont3e6e-5.html]
[188.95.36.104_8080/cwc/staticResources/sites/default/files/fonts/Lato/Lato-Regular.html]
[188.95.36.104_8080/cwc/staticResources/sites/default/files/fonts/Lato/Lato-Bold.html]
[188.95.36.104_8080/cwc/staticResources/sites/all/modules/cmf/cmf_content/assets/fonts/DXI1ORHCpsQm3Vp6mXoaTegdm0LZdjqr5-oayXSOefg.html]
[188.95.36.104_8080/cwc/staticResources/sites/all/modules/cmf/cmf_content/assets/fonts/DXI1ORHCpsQm3Vp6mXoaTXhCUOGz7vYGh680lGh-uXM.html]
[188.95.36.104_8080/cwc/staticResources/sites/all/modules/cmf/cmf_content/assets/fonts/cJZKeOuBrn4kERxqtaUH3VtXRa8TVwTICgirnJhmVJw.html]
[188.95.36.104_8080/cwc/staticResources/sites/all/modules/cmf/cmf_content/assets/fonts/cJZKeOuBrn4kERxqtaUH3T8E0i7KZn-EPnyo3HZu7kw.html]
[188.95.36.104_8080/cwc/staticResources/sites/all/modules/cmf/cmf_content/assets/fonts/MTP_ySUJH_bn48VBG8sNSugdm0LZdjqr5-oayXSOefg.html]
[188.95.36.104_8080/cwc/staticResources/sites/all/modules/cmf/cmf_content/assets/fonts/MTP_ySUJH_bn48VBG8sNSnhCUOGz7vYGh680lGh-uXM.html]
[188.95.36.104_8080/cwc/staticResources/sites/all/modules/cmf/cmf_content/assets/fonts/k3k702ZOKiLJc3WVjuplzOgdm0LZdjqr5-oayXSOefg.html]
[188.95.36.104_8080/cwc/staticResources/sites/all/modules/cmf/cmf_content/assets/fonts/k3k702ZOKiLJc3WVjuplzHhCUOGz7vYGh680lGh-uXM.html]
[188.95.36.104_8080/cwc/staticResources/sites/all/modules/cmf/cmf_content/assets/fonts/EInbV5DfGHOiMmvb1Xr-hugdm0LZdjqr5-oayXSOefg.html]
[188.95.36.104_8080/cwc/staticResources/sites/all/modules/cmf/cmf_content/assets/fonts/EInbV5DfGHOiMmvb1Xr-hnhCUOGz7vYGh680lGh-uXM.html]
[188.95.36.104_8080/cwc/staticResources/sites/all/modules/cmf/cmf_content/assets/fonts/EsvMC5un3kjyUhB9ZEPPwg.html]
[188.95.36.104_8080/cwc/staticResources/sites/all/modules/cmf/cmf_content/assets/fonts/KT3KS9Aol4WfR6Vas8kNcg.html]
[188.95.36.104_8080/cwc/staticResources/sites/all/modules/cmf/cmf_content/assets/fonts/1YwB1sO8YE1Lyjf12WNiUA.html]
[188.95.36.104_8080/cwc/staticResources/sites/all/modules/cmf/cmf_content/assets/fonts/9k-RPmcnxYEPm8CNFsH2gg.html]
[188.95.36.104_8080/cwc/staticResources/sites/all/modules/cmf/cmf_content/assets/fonts/H2DMvhDLycM56KNuAtbJYA.html]
[188.95.36.104_8080/cwc/staticResources/sites/all/modules/cmf/cmf_content/assets/fonts/wkfQbvfT_02e2IWO3yYueQ.html]
[188.95.36.104_8080/cwc/staticResources/sites/all/modules/cmf/cmf_content/assets/fonts/tI4j516nok_GrVf4dhunkg.html]
[188.95.36.104_8080/cwc/staticResources/sites/all/modules/cmf/cmf_content/assets/fonts/BVtM30trf7q_jfqYeHfjtA.html]
[188.95.36.104_8080/cwc/staticResources/sites/all/modules/cmf/cmf_content/assets/fonts/toadOcfmlt9b38dHJxOBGOode0-EuMkY--TSyExeINg.html]
[188.95.36.104_8080/cwc/staticResources/sites/all/modules/cmf/cmf_content/assets/fonts/toadOcfmlt9b38dHJxOBGNbE_oMaV8t2eFeISPpzbdE.html]
[188.95.36.104_8080/cwc/staticResources/sites/all/modules/cmf/cmf_content/assets/fonts/ODelI1aHBYDBqgeIAH2zlNV_2ngZ8dMf8fLgjYEouxg.html]
[188.95.36.104_8080/cwc/staticResources/sites/all/modules/cmf/cmf_content/assets/fonts/ODelI1aHBYDBqgeIAH2zlBM0YzuT7MdOe03otPbuUS0.html]
[188.95.36.104_8080/cwc/staticResources/sites/all/modules/cmf/cmf_content/assets/fonts/toadOcfmlt9b38dHJxOBGCOFnW3Jk0f09zW_Yln67Ac.html]
[188.95.36.104_8080/cwc/staticResources/sites/all/modules/cmf/cmf_content/assets/fonts/toadOcfmlt9b38dHJxOBGJ6-ys_j0H4QL65VLqzI3wI.html]
[188.95.36.104_8080/cwc/staticResources/sites/all/modules/cmf/cmf_content/assets/fonts/toadOcfmlt9b38dHJxOBGEo0As1BFRXtCDhS66znb_k.html]
[188.95.36.104_8080/cwc/staticResources/sites/all/modules/cmf/cmf_content/assets/fonts/toadOcfmlt9b38dHJxOBGFkQc6VGVFSmCnC_l7QZG60.html]
[188.95.36.104_8080/cwc/staticResources/sites/all/modules/cmf/cmf_content/assets/fonts/toadOcfmlt9b38dHJxOBGHZhYM0_6AejPZE-OqA592o.html]
[188.95.36.104_8080/cwc/staticResources/sites/all/modules/cmf/cmf_content/assets/fonts/toadOcfmlt9b38dHJxOBGHiec-hVyr2k4iOzEQsW1iE.html]
[188.95.36.104_8080/cwc/staticResources/sites/all/modules/cmf/cmf_content/assets/fonts/flexslider-icon.html]
[188.95.36.104_8080/cwc/staticResources/sites/all/modules/cmf/cmf_content/assets/fonts/flexslider-icond41dd41d.html]
[188.95.36.104_8080/cwc/staticResources/sites/all/modules/cmf/cmf_content/assets/fonts/flexslider-icon-2.html]
[188.95.36.104_8080/cwc/staticResources/sites/all/modules/cmf/cmf_content/assets/fonts/flexslider-icon-3.html]
[188.95.36.104_8080/cwc/staticResources/sites/all/modules/cmf/cmf_content/assets/fonts/flexslider-icon-4.html]
[188.95.36.104_8080/cwc/staticResources/sites/all/modules/cmf/cmf_content/assets/fonts/fontawesome-webfonte0a5e0a5.html]
[188.95.36.104_8080/cwc/staticResources/sites/all/modules/cmf/cmf_content/assets/fonts/fontawesome-webfontd41dd41d.html]
[188.95.36.104_8080/cwc/staticResources/sites/all/modules/cmf/cmf_content/assets/fonts/fontawesome-webfonte0a5e0a5-2.html]
[188.95.36.104_8080/cwc/staticResources/sites/all/modules/cmf/cmf_content/assets/fonts/fontawesome-webfonte0a5e0a5-3.html]
[188.95.36.104_8080/cwc/staticResources/sites/all/modules/cmf/cmf_content/assets/fonts/fontawesome-webfonte0a5e0a5-4.html]
[188.95.36.104_8080/cwc/staticResources/sites/all/modules/cmf/cmf_content/assets/fonts/fontawesome-webfonte0a5e0a5-5.html]
[188.95.36.104_8080/cwc/staticResources/sites/all/themes/upsc/fonts/glyphicons-halflings-regular.html]
[188.95.36.104_8080/cwc/staticResources/sites/all/themes/upsc/fonts/glyphicons-halflings-regulard41dd41d.html]
[188.95.36.104_8080/cwc/staticResources/sites/all/themes/upsc/fonts/glyphicons-halflings-regular-2.html]
[188.95.36.104_8080/cwc/staticResources/sites/all/themes/upsc/fonts/glyphicons-halflings-regular-3.html]
[188.95.36.104_8080/cwc/staticResources/sites/all/themes/upsc/fonts/glyphicons-halflings-regular-4.html]
[188.95.36.104_8080/cwc/staticResources/sites/all/themes/upsc/fonts/glyphicons-halflings-regular-5.html]
[188.95.36.104_8080/cwc/staticResources/slick/fonts/slick.html]
[188.95.36.104_8080/cwc/staticResources/slick/fonts/slickd41d.html]
[188.95.36.104_8080/cwc/staticResources/slick/fonts/slick-2.html]
[188.95.36.104_8080/cwc/staticResources/slick/fonts/slick-3.html]
[188.95.36.104_8080/cwc/staticResources/slick/fonts/slick-4.html]
[188.95.36.104_8080/cwc/staticResources/sites/default/files/css/lightbox.min.css]
[188.95.36.104_8080/cwc/staticResources/galary/cwc gallery/Capture.html]
[188.95.36.104_8080/cwc/staticResources/galary/cwc gallery/Capture1.html]
[188.95.36.104_8080/cwc/staticResources/galary/cwc gallery/Capture2.html]
[188.95.36.104_8080/cwc/staticResources/galary/cwc gallery/Capture3.html]
[188.95.36.104_8080/cwc/staticResources/galary/cwc gallery/Capture4.html]
[188.95.36.104_8080/cwc/staticResources/galary/cwc gallery/Capture5.html]
[188.95.36.104_8080/cwc/staticResources/galary/cwc gallery/Capture6.html]
[188.95.36.104_8080/cwc/staticResources/galary/cwc gallery/Capture7.html]
[188.95.36.104_8080/cwc/staticResources/galary/cwc gallery/Capture8.html]
[188.95.36.104_8080/cwc/staticResources/galary/cwc gallery/Capture9.html]
[188.95.36.104_8080/cwc/staticResources/Docs/manual 1.pdf]
[188.95.36.104_8080/cwc/staticResources/Docs/manual 3.pdf]
[188.95.36.104_8080/cwc/staticResources/Docs/manual 4.pdf]
[188.95.36.104_8080/cwc/staticResources/Docs/manual 7.pdf]
[188.95.36.104_8080/cwc/staticResources/Docs/manual 8.pdf]
[188.95.36.104_8080/cwc/staticResources/Docs/RTI 918PAY (1)2.pdf]
[188.95.36.104_8080/cwc/staticResources/Docs/RTI 918PAY (1)3.pdf]
[188.95.36.104_8080/cwc/staticResources/Docs/Manual-XI Complied Budget.pdf]
[188.95.36.104_8080/cwc/staticResources/Docs/manual 12.pdf]
[188.95.36.104_8080/cwc/staticResources/Docs/manual 13.pdf]
[188.95.36.104_8080/cwc/staticResources/Docs/manual 15.pdf]
[188.95.36.104_8080/cwc/staticResources/Docs/CO,ROS,CCs-XVI_020119.pdf]
[188.95.36.104_8080/cwc/RTI.html]
[188.95.36.104_8080/cwc/rtiform.html]
[188.95.36.104_8080/cwc/staticResources/sites/default/files/styles/slider/public/ahmedabad.jpg]
[188.95.36.104_8080/cwc/info_Ahmedabad.html]
[188.95.36.104_8080/cwc/staticResources/sites/default/files/styles/slider/public/bangalore.jpg]
[188.95.36.104_8080/cwc/info_Bangalore.html]
[188.95.36.104_8080/cwc/staticResources/sites/default/files/styles/slider/public/Bhopal.jpg]
[188.95.36.104_8080/cwc/info_Bhopal.html]
[188.95.36.104_8080/cwc/staticResources/sites/default/files/styles/slider/public/bhubaneshwar.jpg]
[188.95.36.104_8080/cwc/info_Bhubneshwar.html]
[188.95.36.104_8080/cwc/staticResources/sites/default/files/styles/slider/public/chennai.jpg]
[188.95.36.104_8080/cwc/info_Chennai.html]
[188.95.36.104_8080/cwc/staticResources/sites/default/files/styles/slider/public/delhi.jpg]
[188.95.36.104_8080/cwc/info_DELHI.html]
[188.95.36.104_8080/cwc/staticResources/sites/default/files/styles/slider/public/hyderabad.jpg]
[188.95.36.104_8080/cwc/info_Hyderabad.html]
[188.95.36.104_8080/cwc/staticResources/sites/default/files/styles/slider/public/jaipur.jpg]
[188.95.36.104_8080/cwc/info_Jaipur.html]
[188.95.36.104_8080/cwc/staticResources/sites/default/files/styles/slider/public/kolkata.jpg]
[188.95.36.104_8080/cwc/info_Kolkata.html]
[188.95.36.104_8080/cwc/info_Lucknow.html]
[188.95.36.104_8080/cwc/info_Patna.html]
[188.95.36.104_8080/cwc/info_Chandigarh.html]
[188.95.36.104_8080/cwc/info_Kochi.html]
[188.95.36.104_8080/cwc/info_Guwahati.html]
[188.95.36.104_8080/cwc/staticResources/sites/default/files/styles/slider/public/mumbai.jpg]
[188.95.36.104_8080/cwc/info_Mumbai.html]
[188.95.36.104_8080/cwc/Regional Profile - Ahmedabad.html]
[188.95.36.104_8080/cwc/Ahmedabad Gujrat Region.html]
[188.95.36.104_8080/cwc/Regional Profile - Bangalore.html]
[188.95.36.104_8080/cwc/Bangalore Karnataka Region.html]
[188.95.36.104_8080/cwc/Regional Profile - Bhopal.html]
[188.95.36.104_8080/cwc/Bhopal Region.html]
[188.95.36.104_8080/cwc/Regional Profile - Bhubaneshwar.html]
[188.95.36.104_8080/cwc/Bhubneshwar Orissa Region.html]
[188.95.36.104_8080/cwc/Regional Profile - Chennai.html]
[188.95.36.104_8080/cwc/Chennai (Tamil Nadu,Puduchery,Andaman & Nicob) Region.html]
[188.95.36.104_8080/cwc/Regional Profile Delhi Region.html]
[188.95.36.104_8080/cwc/DELHI NCR.html]
[188.95.36.104_8080/cwc/Regional Profile - Guwahati.html]
[188.95.36.104_8080/cwc/Guwahati Tripura Region.html]
[188.95.36.104_8080/cwc/Regional Profile - Hyderabad.html]
[188.95.36.104_8080/cwc/Hyderabad Andhra Pradesh Region.html]
[188.95.36.104_8080/cwc/Regional Profile - Jaipur.html]
[188.95.36.104_8080/cwc/Jaipur Rajasthan Region.html]
[188.95.36.104_8080/cwc/Regional Profile - Kolkata.html]
[188.95.36.104_8080/cwc/Kolkata West Bengal Region.html]
[188.95.36.104_8080/cwc/Regional Profile - Lucknow.html]
[188.95.36.104_8080/cwc/Lucknow(Uttar Pradesh,Uttarakhand) Region.html]
[188.95.36.104_8080/cwc/Regional Profile - Mumbai.html]
[188.95.36.104_8080/cwc/Mumbai Goa Region.html]
[188.95.36.104_8080/cwc/Regional Profile - Patna.html]
[188.95.36.104_8080/cwc/Patna-Bihar Region.html]
[188.95.36.104_8080/cwc/Regional Profile - Chandigarh.html]
[188.95.36.104_8080/cwc/Chandigarh( Punjab,UT Chandigarh) Region.html]
[188.95.36.104_8080/cwc/Regional Profile-Kochi.html]
[188.95.36.104_8080/cwc/Kochi Kerala Region.html]
[188.95.36.104_8080/cwc/staticResources/sites/default/files/images/loading.html]
[188.95.36.104_8080/cwc/staticResources/Docs/cwc_act_1962_270317.html]
[188.95.36.104_8080/cwc/staticResources/Docs/cwc_amendment.html]
[188.95.36.104_8080/cwc/staticResources/Docs/staff_reg1986.html]
[188.95.36.104_8080/cwc/staticResources/Docs/ammendment_200514.html]
[188.95.36.104_8080/cwc/Chennai (Tamil Nadu,Puduchery,Andaman & Nicob) Region-2.html]
[188.95.36.104_8080/cwc/Regional Profile Delhi Region-2.html]
[188.95.36.104_8080/cwc/Regional Profile - Guwahati-2.html]
[188.95.36.104_8080/cwc/akola.html]
[188.95.36.104_8080/cwc/ambad.html]
